ucsiprobe - USB-C cable property access spike
==============================================================================

MACHINE
------------------------------------------------------------------------------
  LENOVO 21K7CTO1WW  (SKU LENOVO_MT_21K7_BU_Think_FM_ThinkPad T16 Gen 2)
  BIOS R2FET70W (1.50 )
  Windows 10.0.26200.9445 (25H2) X64
  Elevated: True
  UCSI 2.x capable build (>= 22621): True

UCM-UCSI DEVICES
------------------------------------------------------------------------------
  UCM-UCSI ACPI Device
    instance id          : ACPI\USBC000\0
    service              : UcmUcsiAcpiClient   driver 10.0.26100.8972
    TestInterfaceEnabled : 1 (set)
    published interfaces : {0d3bc324-0125-4e95-b25a-7b393333ea9a}, {4cedf9cf-34a7-486b-9036-20812ee4467c}, {ae05a169-b410-4672-a8b6-a01a2de0dc78}

STAGE A - documented user-mode surfaces (no admin, no registry change)
------------------------------------------------------------------------------
  [FAIL] WMI Win32_PnPEntity (PNPClass='UCM') :: root\cimv2
         -> 1 instance(s), no cable/Type-C properties exposed
         !! class exposes PnP metadata only, no UCSI payload
  [ok  ] WMI meta_class scan of root\wmi :: classes matching ucsi|typec|usbpd|connector
         -> DedupTracingEventClass_DedupTracingEventTypeClass, VssTracingEventClass_VssTracingEventTypeClass
  [FAIL] WinRT DeviceInformation.FindAllAsync :: UcmUcsiCx private A (0d3bc324) {0d3bc324-0125-4e95-b25a-7b393333ea9a}
         -> 1 device(s), no Type-C/cable properties
         !! WinRT exposes no e-marker data on this interface
  [FAIL] WinRT DeviceInformation.FindAllAsync :: UcmUcsiCx private B (c500c63a) {c500c63a-6efe-433b-84a7-c0740d5dc97f}
         -> 0 device(s), no Type-C/cable properties
         !! WinRT exposes no e-marker data on this interface
  [FAIL] WinRT DeviceInformation.FindAllAsync :: WDK sample GUID_DEVINTERFACE_UCSI_TEST {6c846eea-9649-46b3-b8cb-2cbc72c7b7fb}
         -> 0 device(s), no Type-C/cable properties
         !! WinRT exposes no e-marker data on this interface
  [FAIL] WinRT DeviceInformation.FindAllAsync :: Ucmcx published A (4cedf9cf) {4cedf9cf-34a7-486b-9036-20812ee4467c}
         -> 1 device(s), no Type-C/cable properties
         !! WinRT exposes no e-marker data on this interface
  [FAIL] WinRT DeviceInformation.FindAllAsync :: Ucmcx published B (ae05a169) {ae05a169-b410-4672-a8b6-a01a2de0dc78}
         -> 1 device(s), no Type-C/cable properties
         !! WinRT exposes no e-marker data on this interface

STAGE B - UCSI test interface (requires TestInterfaceEnabled)
------------------------------------------------------------------------------
  [ok  ] SetupDiEnumDeviceInterfaces :: UcmUcsiCx private A (0d3bc324) {0d3bc324-0125-4e95-b25a-7b393333ea9a}
         -> \\?\acpi#usbc000#0#{0d3bc324-0125-4e95-b25a-7b393333ea9a}
  [ok  ] CreateFileW :: \\?\acpi#usbc000#0#{0d3bc324-0125-4e95-b25a-7b393333ea9a}
         UcmUcsiCx private A (0d3bc324), access=read|write
         -> handle opened
  [FAIL] DeviceIoControl :: \\?\acpi#usbc000#0#{0d3bc324-0125-4e95-b25a-7b393333ea9a}
         IOCTL_UCSI_GET_CCI code=0x12131008
         !! 50 (0x00000032) The request is not supported.
  [FAIL] DeviceIoControl :: \\?\acpi#usbc000#0#{0d3bc324-0125-4e95-b25a-7b393333ea9a}
         IOCTL_UCSI_SEND_COMMAND GET_CAPABILITY control=0x0000000000000006 in=8B code=0x12131004
         !! 50 (0x00000032) The request is not supported.
  [FAIL] DeviceIoControl :: \\?\acpi#usbc000#0#{0d3bc324-0125-4e95-b25a-7b393333ea9a}
         IOCTL_UCSI_SEND_COMMAND GET_CAPABILITY control=0x0000000000000006 in=16B code=0x12131004
         !! 50 (0x00000032) The request is not supported.
  [FAIL] DeviceIoControl :: \\?\acpi#usbc000#0#{0d3bc324-0125-4e95-b25a-7b393333ea9a}
         IOCTL_UCSI_SEND_COMMAND GET_CABLE_PROPERTY control=0x0000000000010011 in=8B code=0x12131004
         !! 50 (0x00000032) The request is not supported.
  [FAIL] DeviceIoControl :: \\?\acpi#usbc000#0#{0d3bc324-0125-4e95-b25a-7b393333ea9a}
         IOCTL_UCSI_SEND_COMMAND GET_CABLE_PROPERTY control=0x0000000000010011 in=16B code=0x12131004
         !! 50 (0x00000032) The request is not supported.
  [FAIL] DeviceIoControl :: \\?\acpi#usbc000#0#{0d3bc324-0125-4e95-b25a-7b393333ea9a}
         IOCTL_UCSI_SEND_COMMAND GET_CONNECTOR_STATUS control=0x0000000000010012 in=8B code=0x12131004
         !! 50 (0x00000032) The request is not supported.
  [FAIL] DeviceIoControl :: \\?\acpi#usbc000#0#{0d3bc324-0125-4e95-b25a-7b393333ea9a}
         IOCTL_UCSI_SEND_COMMAND GET_CONNECTOR_STATUS control=0x0000000000010012 in=16B code=0x12131004
         !! 50 (0x00000032) The request is not supported.
  [FAIL] DeviceIoControl :: \\?\acpi#usbc000#0#{0d3bc324-0125-4e95-b25a-7b393333ea9a}
         IOCTL_UCSI_SEND_COMMAND GET_CABLE_PROPERTY control=0x0000000000020011 in=8B code=0x12131004
         !! 50 (0x00000032) The request is not supported.
  [FAIL] DeviceIoControl :: \\?\acpi#usbc000#0#{0d3bc324-0125-4e95-b25a-7b393333ea9a}
         IOCTL_UCSI_SEND_COMMAND GET_CABLE_PROPERTY control=0x0000000000020011 in=16B code=0x12131004
         !! 50 (0x00000032) The request is not supported.
  [FAIL] DeviceIoControl :: \\?\acpi#usbc000#0#{0d3bc324-0125-4e95-b25a-7b393333ea9a}
         IOCTL_UCSI_SEND_COMMAND GET_CONNECTOR_STATUS control=0x0000000000020012 in=8B code=0x12131004
         !! 50 (0x00000032) The request is not supported.
  [FAIL] DeviceIoControl :: \\?\acpi#usbc000#0#{0d3bc324-0125-4e95-b25a-7b393333ea9a}
         IOCTL_UCSI_SEND_COMMAND GET_CONNECTOR_STATUS control=0x0000000000020012 in=16B code=0x12131004
         !! 50 (0x00000032) The request is not supported.
  [FAIL] DeviceIoControl :: \\?\acpi#usbc000#0#{0d3bc324-0125-4e95-b25a-7b393333ea9a}
         IOCTL_UCSI_SEND_COMMAND GET_CABLE_PROPERTY control=0x0000000000030011 in=8B code=0x12131004
         !! 50 (0x00000032) The request is not supported.
  [FAIL] DeviceIoControl :: \\?\acpi#usbc000#0#{0d3bc324-0125-4e95-b25a-7b393333ea9a}
         IOCTL_UCSI_SEND_COMMAND GET_CABLE_PROPERTY control=0x0000000000030011 in=16B code=0x12131004
         !! 50 (0x00000032) The request is not supported.
  [FAIL] DeviceIoControl :: \\?\acpi#usbc000#0#{0d3bc324-0125-4e95-b25a-7b393333ea9a}
         IOCTL_UCSI_SEND_COMMAND GET_CONNECTOR_STATUS control=0x0000000000030012 in=8B code=0x12131004
         !! 50 (0x00000032) The request is not supported.
  [FAIL] DeviceIoControl :: \\?\acpi#usbc000#0#{0d3bc324-0125-4e95-b25a-7b393333ea9a}
         IOCTL_UCSI_SEND_COMMAND GET_CONNECTOR_STATUS control=0x0000000000030012 in=16B code=0x12131004
         !! 50 (0x00000032) The request is not supported.
  [FAIL] DeviceIoControl :: \\?\acpi#usbc000#0#{0d3bc324-0125-4e95-b25a-7b393333ea9a}
         IOCTL_UCSI_SEND_COMMAND GET_CABLE_PROPERTY control=0x0000000000040011 in=8B code=0x12131004
         !! 50 (0x00000032) The request is not supported.
  [FAIL] DeviceIoControl :: \\?\acpi#usbc000#0#{0d3bc324-0125-4e95-b25a-7b393333ea9a}
         IOCTL_UCSI_SEND_COMMAND GET_CABLE_PROPERTY control=0x0000000000040011 in=16B code=0x12131004
         !! 50 (0x00000032) The request is not supported.
  [FAIL] DeviceIoControl :: \\?\acpi#usbc000#0#{0d3bc324-0125-4e95-b25a-7b393333ea9a}
         IOCTL_UCSI_SEND_COMMAND GET_CONNECTOR_STATUS control=0x0000000000040012 in=8B code=0x12131004
         !! 50 (0x00000032) The request is not supported.
  [FAIL] DeviceIoControl :: \\?\acpi#usbc000#0#{0d3bc324-0125-4e95-b25a-7b393333ea9a}
         IOCTL_UCSI_SEND_COMMAND GET_CONNECTOR_STATUS control=0x0000000000040012 in=16B code=0x12131004
         !! 50 (0x00000032) The request is not supported.
  [FAIL] SetupDiEnumDeviceInterfaces :: UcmUcsiCx private B (c500c63a) {c500c63a-6efe-433b-84a7-c0740d5dc97f}
         -> 0 instances
         !! no present interface instances for this class
  [FAIL] SetupDiEnumDeviceInterfaces :: WDK sample GUID_DEVINTERFACE_UCSI_TEST {6c846eea-9649-46b3-b8cb-2cbc72c7b7fb}
         -> 0 instances
         !! no present interface instances for this class
  [ok  ] SetupDiEnumDeviceInterfaces :: Ucmcx published A (4cedf9cf) {4cedf9cf-34a7-486b-9036-20812ee4467c}
         -> \\?\acpi#usbc000#0#{4cedf9cf-34a7-486b-9036-20812ee4467c}
  [ok  ] CreateFileW :: \\?\acpi#usbc000#0#{4cedf9cf-34a7-486b-9036-20812ee4467c}
         Ucmcx published A (4cedf9cf), access=read|write
         -> handle opened
  [FAIL] DeviceIoControl :: \\?\acpi#usbc000#0#{4cedf9cf-34a7-486b-9036-20812ee4467c}
         IOCTL_UCSI_GET_CCI code=0x12131008
         !! 50 (0x00000032) The request is not supported.
  [FAIL] DeviceIoControl :: \\?\acpi#usbc000#0#{4cedf9cf-34a7-486b-9036-20812ee4467c}
         IOCTL_UCSI_SEND_COMMAND GET_CAPABILITY control=0x0000000000000006 in=8B code=0x12131004
         !! 50 (0x00000032) The request is not supported.
  [FAIL] DeviceIoControl :: \\?\acpi#usbc000#0#{4cedf9cf-34a7-486b-9036-20812ee4467c}
         IOCTL_UCSI_SEND_COMMAND GET_CAPABILITY control=0x0000000000000006 in=16B code=0x12131004
         !! 50 (0x00000032) The request is not supported.
  [FAIL] DeviceIoControl :: \\?\acpi#usbc000#0#{4cedf9cf-34a7-486b-9036-20812ee4467c}
         IOCTL_UCSI_SEND_COMMAND GET_CABLE_PROPERTY control=0x0000000000010011 in=8B code=0x12131004
         !! 50 (0x00000032) The request is not supported.
  [FAIL] DeviceIoControl :: \\?\acpi#usbc000#0#{4cedf9cf-34a7-486b-9036-20812ee4467c}
         IOCTL_UCSI_SEND_COMMAND GET_CABLE_PROPERTY control=0x0000000000010011 in=16B code=0x12131004
         !! 50 (0x00000032) The request is not supported.
  [FAIL] DeviceIoControl :: \\?\acpi#usbc000#0#{4cedf9cf-34a7-486b-9036-20812ee4467c}
         IOCTL_UCSI_SEND_COMMAND GET_CONNECTOR_STATUS control=0x0000000000010012 in=8B code=0x12131004
         !! 50 (0x00000032) The request is not supported.
  [FAIL] DeviceIoControl :: \\?\acpi#usbc000#0#{4cedf9cf-34a7-486b-9036-20812ee4467c}
         IOCTL_UCSI_SEND_COMMAND GET_CONNECTOR_STATUS control=0x0000000000010012 in=16B code=0x12131004
         !! 50 (0x00000032) The request is not supported.
  [FAIL] DeviceIoControl :: \\?\acpi#usbc000#0#{4cedf9cf-34a7-486b-9036-20812ee4467c}
         IOCTL_UCSI_SEND_COMMAND GET_CABLE_PROPERTY control=0x0000000000020011 in=8B code=0x12131004
         !! 50 (0x00000032) The request is not supported.
  [FAIL] DeviceIoControl :: \\?\acpi#usbc000#0#{4cedf9cf-34a7-486b-9036-20812ee4467c}
         IOCTL_UCSI_SEND_COMMAND GET_CABLE_PROPERTY control=0x0000000000020011 in=16B code=0x12131004
         !! 50 (0x00000032) The request is not supported.
  [FAIL] DeviceIoControl :: \\?\acpi#usbc000#0#{4cedf9cf-34a7-486b-9036-20812ee4467c}
         IOCTL_UCSI_SEND_COMMAND GET_CONNECTOR_STATUS control=0x0000000000020012 in=8B code=0x12131004
         !! 50 (0x00000032) The request is not supported.
  [FAIL] DeviceIoControl :: \\?\acpi#usbc000#0#{4cedf9cf-34a7-486b-9036-20812ee4467c}
         IOCTL_UCSI_SEND_COMMAND GET_CONNECTOR_STATUS control=0x0000000000020012 in=16B code=0x12131004
         !! 50 (0x00000032) The request is not supported.
  [FAIL] DeviceIoControl :: \\?\acpi#usbc000#0#{4cedf9cf-34a7-486b-9036-20812ee4467c}
         IOCTL_UCSI_SEND_COMMAND GET_CABLE_PROPERTY control=0x0000000000030011 in=8B code=0x12131004
         !! 50 (0x00000032) The request is not supported.
  [FAIL] DeviceIoControl :: \\?\acpi#usbc000#0#{4cedf9cf-34a7-486b-9036-20812ee4467c}
         IOCTL_UCSI_SEND_COMMAND GET_CABLE_PROPERTY control=0x0000000000030011 in=16B code=0x12131004
         !! 50 (0x00000032) The request is not supported.
  [FAIL] DeviceIoControl :: \\?\acpi#usbc000#0#{4cedf9cf-34a7-486b-9036-20812ee4467c}
         IOCTL_UCSI_SEND_COMMAND GET_CONNECTOR_STATUS control=0x0000000000030012 in=8B code=0x12131004
         !! 50 (0x00000032) The request is not supported.
  [FAIL] DeviceIoControl :: \\?\acpi#usbc000#0#{4cedf9cf-34a7-486b-9036-20812ee4467c}
         IOCTL_UCSI_SEND_COMMAND GET_CONNECTOR_STATUS control=0x0000000000030012 in=16B code=0x12131004
         !! 50 (0x00000032) The request is not supported.
  [FAIL] DeviceIoControl :: \\?\acpi#usbc000#0#{4cedf9cf-34a7-486b-9036-20812ee4467c}
         IOCTL_UCSI_SEND_COMMAND GET_CABLE_PROPERTY control=0x0000000000040011 in=8B code=0x12131004
         !! 50 (0x00000032) The request is not supported.
  [FAIL] DeviceIoControl :: \\?\acpi#usbc000#0#{4cedf9cf-34a7-486b-9036-20812ee4467c}
         IOCTL_UCSI_SEND_COMMAND GET_CABLE_PROPERTY control=0x0000000000040011 in=16B code=0x12131004
         !! 50 (0x00000032) The request is not supported.
  [FAIL] DeviceIoControl :: \\?\acpi#usbc000#0#{4cedf9cf-34a7-486b-9036-20812ee4467c}
         IOCTL_UCSI_SEND_COMMAND GET_CONNECTOR_STATUS control=0x0000000000040012 in=8B code=0x12131004
         !! 50 (0x00000032) The request is not supported.
  [FAIL] DeviceIoControl :: \\?\acpi#usbc000#0#{4cedf9cf-34a7-486b-9036-20812ee4467c}
         IOCTL_UCSI_SEND_COMMAND GET_CONNECTOR_STATUS control=0x0000000000040012 in=16B code=0x12131004
         !! 50 (0x00000032) The request is not supported.
  [ok  ] SetupDiEnumDeviceInterfaces :: Ucmcx published B (ae05a169) {ae05a169-b410-4672-a8b6-a01a2de0dc78}
         -> \\?\acpi#usbc000#0#{ae05a169-b410-4672-a8b6-a01a2de0dc78}
  [ok  ] CreateFileW :: \\?\acpi#usbc000#0#{ae05a169-b410-4672-a8b6-a01a2de0dc78}
         Ucmcx published B (ae05a169), access=read|write
         -> handle opened
  [FAIL] DeviceIoControl :: \\?\acpi#usbc000#0#{ae05a169-b410-4672-a8b6-a01a2de0dc78}
         IOCTL_UCSI_GET_CCI code=0x12131008
         !! 50 (0x00000032) The request is not supported.
  [FAIL] DeviceIoControl :: \\?\acpi#usbc000#0#{ae05a169-b410-4672-a8b6-a01a2de0dc78}
         IOCTL_UCSI_SEND_COMMAND GET_CAPABILITY control=0x0000000000000006 in=8B code=0x12131004
         !! 50 (0x00000032) The request is not supported.
  [FAIL] DeviceIoControl :: \\?\acpi#usbc000#0#{ae05a169-b410-4672-a8b6-a01a2de0dc78}
         IOCTL_UCSI_SEND_COMMAND GET_CAPABILITY control=0x0000000000000006 in=16B code=0x12131004
         !! 50 (0x00000032) The request is not supported.
  [FAIL] DeviceIoControl :: \\?\acpi#usbc000#0#{ae05a169-b410-4672-a8b6-a01a2de0dc78}
         IOCTL_UCSI_SEND_COMMAND GET_CABLE_PROPERTY control=0x0000000000010011 in=8B code=0x12131004
         !! 50 (0x00000032) The request is not supported.
  [FAIL] DeviceIoControl :: \\?\acpi#usbc000#0#{ae05a169-b410-4672-a8b6-a01a2de0dc78}
         IOCTL_UCSI_SEND_COMMAND GET_CABLE_PROPERTY control=0x0000000000010011 in=16B code=0x12131004
         !! 50 (0x00000032) The request is not supported.
  [FAIL] DeviceIoControl :: \\?\acpi#usbc000#0#{ae05a169-b410-4672-a8b6-a01a2de0dc78}
         IOCTL_UCSI_SEND_COMMAND GET_CONNECTOR_STATUS control=0x0000000000010012 in=8B code=0x12131004
         !! 50 (0x00000032) The request is not supported.
  [FAIL] DeviceIoControl :: \\?\acpi#usbc000#0#{ae05a169-b410-4672-a8b6-a01a2de0dc78}
         IOCTL_UCSI_SEND_COMMAND GET_CONNECTOR_STATUS control=0x0000000000010012 in=16B code=0x12131004
         !! 50 (0x00000032) The request is not supported.
  [FAIL] DeviceIoControl :: \\?\acpi#usbc000#0#{ae05a169-b410-4672-a8b6-a01a2de0dc78}
         IOCTL_UCSI_SEND_COMMAND GET_CABLE_PROPERTY control=0x0000000000020011 in=8B code=0x12131004
         !! 50 (0x00000032) The request is not supported.
  [FAIL] DeviceIoControl :: \\?\acpi#usbc000#0#{ae05a169-b410-4672-a8b6-a01a2de0dc78}
         IOCTL_UCSI_SEND_COMMAND GET_CABLE_PROPERTY control=0x0000000000020011 in=16B code=0x12131004
         !! 50 (0x00000032) The request is not supported.
  [FAIL] DeviceIoControl :: \\?\acpi#usbc000#0#{ae05a169-b410-4672-a8b6-a01a2de0dc78}
         IOCTL_UCSI_SEND_COMMAND GET_CONNECTOR_STATUS control=0x0000000000020012 in=8B code=0x12131004
         !! 50 (0x00000032) The request is not supported.
  [FAIL] DeviceIoControl :: \\?\acpi#usbc000#0#{ae05a169-b410-4672-a8b6-a01a2de0dc78}
         IOCTL_UCSI_SEND_COMMAND GET_CONNECTOR_STATUS control=0x0000000000020012 in=16B code=0x12131004
         !! 50 (0x00000032) The request is not supported.
  [FAIL] DeviceIoControl :: \\?\acpi#usbc000#0#{ae05a169-b410-4672-a8b6-a01a2de0dc78}
         IOCTL_UCSI_SEND_COMMAND GET_CABLE_PROPERTY control=0x0000000000030011 in=8B code=0x12131004
         !! 50 (0x00000032) The request is not supported.
  [FAIL] DeviceIoControl :: \\?\acpi#usbc000#0#{ae05a169-b410-4672-a8b6-a01a2de0dc78}
         IOCTL_UCSI_SEND_COMMAND GET_CABLE_PROPERTY control=0x0000000000030011 in=16B code=0x12131004
         !! 50 (0x00000032) The request is not supported.
  [FAIL] DeviceIoControl :: \\?\acpi#usbc000#0#{ae05a169-b410-4672-a8b6-a01a2de0dc78}
         IOCTL_UCSI_SEND_COMMAND GET_CONNECTOR_STATUS control=0x0000000000030012 in=8B code=0x12131004
         !! 50 (0x00000032) The request is not supported.
  [FAIL] DeviceIoControl :: \\?\acpi#usbc000#0#{ae05a169-b410-4672-a8b6-a01a2de0dc78}
         IOCTL_UCSI_SEND_COMMAND GET_CONNECTOR_STATUS control=0x0000000000030012 in=16B code=0x12131004
         !! 50 (0x00000032) The request is not supported.
  [FAIL] DeviceIoControl :: \\?\acpi#usbc000#0#{ae05a169-b410-4672-a8b6-a01a2de0dc78}
         IOCTL_UCSI_SEND_COMMAND GET_CABLE_PROPERTY control=0x0000000000040011 in=8B code=0x12131004
         !! 50 (0x00000032) The request is not supported.
  [FAIL] DeviceIoControl :: \\?\acpi#usbc000#0#{ae05a169-b410-4672-a8b6-a01a2de0dc78}
         IOCTL_UCSI_SEND_COMMAND GET_CABLE_PROPERTY control=0x0000000000040011 in=16B code=0x12131004
         !! 50 (0x00000032) The request is not supported.
  [FAIL] DeviceIoControl :: \\?\acpi#usbc000#0#{ae05a169-b410-4672-a8b6-a01a2de0dc78}
         IOCTL_UCSI_SEND_COMMAND GET_CONNECTOR_STATUS control=0x0000000000040012 in=8B code=0x12131004
         !! 50 (0x00000032) The request is not supported.
  [FAIL] DeviceIoControl :: \\?\acpi#usbc000#0#{ae05a169-b410-4672-a8b6-a01a2de0dc78}
         IOCTL_UCSI_SEND_COMMAND GET_CONNECTOR_STATUS control=0x0000000000040012 in=16B code=0x12131004
         !! 50 (0x00000032) The request is not supported.
  [FAIL] CreateFileW :: \\.\USB Type C
         DOS device name, access=read|write
         !! 2 (0x00000002) The system cannot find the file specified.
  [FAIL] CreateFileW :: \\.\USB Type C
         DOS device name, access=read
         !! 2 (0x00000002) The system cannot find the file specified.
  [FAIL] CreateFileW :: \\.\USB Type C
         DOS device name, access=none (metadata)
         !! 2 (0x00000002) The system cannot find the file specified.
  [FAIL] CreateFileW :: \\.\UCSI
         DOS device name, access=read|write
         !! 2 (0x00000002) The system cannot find the file specified.
  [FAIL] CreateFileW :: \\.\UCSI
         DOS device name, access=read
         !! 2 (0x00000002) The system cannot find the file specified.
  [FAIL] CreateFileW :: \\.\UCSI
         DOS device name, access=none (metadata)
         !! 2 (0x00000002) The system cannot find the file specified.
  [FAIL] CreateFileW :: \\.\UcmUcsiCx
         DOS device name, access=read|write
         !! 2 (0x00000002) The system cannot find the file specified.
  [FAIL] CreateFileW :: \\.\UcmUcsiCx
         DOS device name, access=read
         !! 2 (0x00000002) The system cannot find the file specified.
  [FAIL] CreateFileW :: \\.\UcmUcsiCx
         DOS device name, access=none (metadata)
         !! 2 (0x00000002) The system cannot find the file specified.

SEQUENCE - call ordering and buffer sizes on the test interface
------------------------------------------------------------------------------
  --- A: 0x406 cold, output sweep, no 0x404 first
      0x406 cold out=0B                          -> 122 (0x0000007A) The data area passed to a system call is too small.
      0x406 cold out=4B                          -> 122 (0x0000007A) The data area passed to a system call is too small.
      0x406 cold out=16B                         -> 122 (0x0000007A) The data area passed to a system call is too small.
      0x406 cold out=64B                         -> 122 (0x0000007A) The data area passed to a system call is too small.
      0x406 cold out=256B                        -> 122 (0x0000007A) The data area passed to a system call is too small.
      0x406 cold out=1024B                       -> 122 (0x0000007A) The data area passed to a system call is too small.
  --- B: 0x406 cold, input size sweep, out=1024
      0x406 cold in=1B                           -> 122 (0x0000007A) The data area passed to a system call is too small.
      0x406 cold in=2B                           -> 122 (0x0000007A) The data area passed to a system call is too small.
      0x406 cold in=3B                           -> 122 (0x0000007A) The data area passed to a system call is too small.
      0x406 cold in=4B                           -> 122 (0x0000007A) The data area passed to a system call is too small.
      0x406 cold in=5B                           -> 122 (0x0000007A) The data area passed to a system call is too small.
      0x406 cold in=6B                           -> 122 (0x0000007A) The data area passed to a system call is too small.
      0x406 cold in=7B                           -> 122 (0x0000007A) The data area passed to a system call is too small.
      0x406 cold in=8B                           -> 122 (0x0000007A) The data area passed to a system call is too small.
      0x406 cold in=9B                           -> 122 (0x0000007A) The data area passed to a system call is too small.
      0x406 cold in=10B                          -> 122 (0x0000007A) The data area passed to a system call is too small.
      0x406 cold in=11B                          -> 122 (0x0000007A) The data area passed to a system call is too small.
      0x406 cold in=12B                          -> 122 (0x0000007A) The data area passed to a system call is too small.
      0x406 cold in=13B                          -> 122 (0x0000007A) The data area passed to a system call is too small.
      0x406 cold in=14B                          -> 122 (0x0000007A) The data area passed to a system call is too small.
      0x406 cold in=15B                          -> 122 (0x0000007A) The data area passed to a system call is too small.
      0x406 cold in=16B                          -> 122 (0x0000007A) The data area passed to a system call is too small.
      0x406 cold in=20B                          -> 122 (0x0000007A) The data area passed to a system call is too small.
      0x406 cold in=24B                          -> 122 (0x0000007A) The data area passed to a system call is too small.
      0x406 cold in=32B                          -> 122 (0x0000007A) The data area passed to a system call is too small.
      0x406 cold in=40B                          -> 122 (0x0000007A) The data area passed to a system call is too small.
      0x406 cold in=48B                          -> OK bytesReturned=48
                                                    data 000100000000008200000000000000000000000000000000000000002CB1040000000000000000000000000000000000
      0x406 cold in=56B                          -> OK bytesReturned=48
                                                    data 000100000000008200000000000000000000000000000000000000002CB1040000000000000000000000000000000000
      0x406 cold in=64B                          -> OK bytesReturned=48
                                                    data 000100000000008200000000000000000000000000000000000000002CB1040000000000000000000000000000000000
      0x406 cold in=128B                         -> OK bytesReturned=48
                                                    data 000100000000008200000000000000000000000000000000000000002CB1040000000000000000000000000000000000
  --- C: 0x406 cold carrying a UCSI CONTROL
      0x406 CONTROL in=8B out=1024               -> 122 (0x0000007A) The data area passed to a system call is too small.
      0x406 CONTROL in=16B out=1024              -> 122 (0x0000007A) The data area passed to a system call is too small.
      0x406 CONTROL in=24B out=1024              -> 122 (0x0000007A) The data area passed to a system call is too small.
      0x406 CONTROL in=32B out=1024              -> 122 (0x0000007A) The data area passed to a system call is too small.
      0x406 CONTROL in=48B out=1024              -> OK bytesReturned=48
                                                    data 000100000000008200000000000000000000000000000000000000002CB1040000000000000000000000000000000000
      0x406 CONTROL in=64B out=1024              -> OK bytesReturned=48
                                                    data 000100000000008200000000000000000000000000000000000000002CB1040000000000000000000000000000000000
  --- D: 0x404 input size sweep, without the zero-buffer call
      0x404 in=1B out=1024                       -> OK bytesReturned=0
  --- E: 0x404 carrying a UCSI CONTROL
  --- F: is the zero-buffer 0x404 a one-shot teardown
      reopen after the 0x404 call -> succeeded, so it is not a teardown

FALLBACK - USB hub descriptors (link speed only, not cable data)
------------------------------------------------------------------------------
  [ok  ] SetupDiEnumDeviceInterfaces :: GUID_DEVINTERFACE_USB_HUB
         -> 6 hub interfaces

STAGE C - UcsiControl.exe (Microsoft MUTT package)
------------------------------------------------------------------------------
  UcsiControl.exe not found on PATH or in the usual MUTT install locations.

VERDICT
------------------------------------------------------------------------------
  D_NotReadable
  TestInterfaceEnabled is set but no interface accepted the UCSI IOCTLs from user mode.

Full evidence written to D:\usb\spike-seq.json (121 recorded calls).
